[all528@hlog-1 ~]$ cd final_project
[all528@hlog-1 final_project]$ ls
FinalProjectInputs.txt  FinalProject.java  FinalProjectMapper.java
[all528@hlog-1 final_project]$ javac -classpath `hadoop classpath` FinalProjectMapper.java
[all528@hlog-1 final_project]$ javac -classpath `hadoop classpath`:. FinalProject.java
[all528@hlog-1 final_project]$ jar cvf finalProject.jar *.class
added manifest
adding: FinalProject.class(in = 1427) (out= 812)(deflated 43%)
adding: FinalProjectMapper.class(in = 1756) (out= 686)(deflated 60%)
[all528@hlog-1 final_project]$ hadoop fs -ls
Found 5 items
drwx------+  - all528 all528          0 2021-10-14 19:00 .Trash
drwx------+  - all528 all528          0 2021-10-13 18:11 .staging
drwxrwx---+  - all528 all528          0 2021-11-07 22:37 hiveInput
drwxrwx---+  - all528 all528          0 2021-10-04 20:21 lab2
drwxrwx---+  - all528 all528          0 2021-10-13 18:11 lab3
[all528@hlog-1 final_project]$ hadoop fs -mkdir /user/all528/final_project
[all528@hlog-1 final_project]$ hadoop fs -put FinalProjectInputs.txt /user/all528/final_project
[all528@hlog-1 final_project]$ hadoop jar maxTemp.jar MaxTemperature /user/yourNetID/lab2/temperatureInputs.txt /user/yourNetID/lab2/output
WARNING: Use "yarn jar" to launch YARN applications.
JAR does not exist or is not a normal file: /home/all528/final_project/maxTemp.jar
[all528@hlog-1 final_project]$ hadoop jar finalProject.jar FinalProject /user/all528/final_project/FinalProjectInputs.txt /user/all528/final_project/output
WARNING: Use "yarn jar" to launch YARN applications.
21/11/28 21:22:12 INFO client.RMProxy: Connecting to ResourceManager at horton.hpc.nyu.edu/10.32.35.134:8032
21/11/28 21:22:12 WARN mapreduce.JobResourceUploader: Hadoop command-line option parsing not performed. Implement the Tool interface and execute your application with ToolRunner to remedy this.
21/11/28 21:22:12 INFO mapreduce.JobResourceUploader: Disabling Erasure Coding for path: /user/all528/.staging/job_1622566668497_38269
21/11/28 21:22:12 INFO input.FileInputFormat: Total input files to process : 1
21/11/28 21:22:12 INFO mapreduce.JobSubmitter: number of splits:1
21/11/28 21:22:13 INFO Configuration.deprecation: yarn.resourcemanager.system-metrics-publisher.enabled is deprecated. Instead, use yarn.system-metrics-publisher.enabled
21/11/28 21:22:13 INFO mapreduce.JobSubmitter: Submitting tokens for job: job_1622566668497_38269
21/11/28 21:22:13 INFO mapreduce.JobSubmitter: Executing with tokens: []
21/11/28 21:22:13 INFO conf.Configuration: resource-types.xml not found
21/11/28 21:22:13 INFO resource.ResourceUtils: Unable to find 'resource-types.xml'.
21/11/28 21:22:13 INFO impl.YarnClientImpl: Submitted application application_1622566668497_38269
21/11/28 21:22:13 INFO mapreduce.Job: The url to track the job: http://horton.hpc.nyu.edu:8088/proxy/application_1622566668497_38269/
21/11/28 21:22:13 INFO mapreduce.Job: Running job: job_1622566668497_38269
21/11/28 21:22:18 INFO mapreduce.Job: Job job_1622566668497_38269 running in uber mode : false
21/11/28 21:22:18 INFO mapreduce.Job:  map 0% reduce 0%
21/11/28 21:22:22 INFO mapreduce.Job:  map 100% reduce 0%
21/11/28 21:22:22 INFO mapreduce.Job: Job job_1622566668497_38269 completed successfully
21/11/28 21:22:22 INFO mapreduce.Job: Counters: 33
	File System Counters
		FILE: Number of bytes read=0
		FILE: Number of bytes written=220800
		FILE: Number of read operations=0
		FILE: Number of large read operations=0
		FILE: Number of write operations=0
		HDFS: Number of bytes read=2816
		HDFS: Number of bytes written=168
		HDFS: Number of read operations=7
		HDFS: Number of large read operations=0
		HDFS: Number of write operations=2
		HDFS: Number of bytes read erasure-coded=0
	Job Counters 
		Launched map tasks=1
		Rack-local map tasks=1
		Total time spent by all maps in occupied slots (ms)=7420
		Total time spent by all reduces in occupied slots (ms)=0
		Total time spent by all map tasks (ms)=1855
		Total vcore-milliseconds taken by all map tasks=1855
		Total megabyte-milliseconds taken by all map tasks=7598080
	Map-Reduce Framework
		Map input records=10
		Map output records=10
		Input split bytes=144
		Spilled Records=0
		Failed Shuffles=0
		Merged Map outputs=0
		GC time elapsed (ms)=40
		CPU time spent (ms)=420
		Physical memory (bytes) snapshot=372543488
		Virtual memory (bytes) snapshot=3712233472
		Total committed heap usage (bytes)=1154482176
		Peak Map Physical memory (bytes)=372543488
		Peak Map Virtual memory (bytes)=3712233472
	File Input Format Counters 
		Bytes Read=2672
	File Output Format Counters 
		Bytes Written=168
[all528@hlog-1 final_project]$ hadoop fs -ls /user/all528/final_project/output
Found 2 items
-rw-rw----+  3 all528 all528          0 2021-11-28 21:22 /user/all528/final_project/output/_SUCCESS
-rw-rw----+  3 all528 all528        168 2021-11-28 21:22 /user/all528/final_project/output/part-m-00000
[all528@hlog-1 final_project]$ hadoop fs -cat /user/all528/final_project/output/part-m-00000
Occurred Date,Occurred Time
06/03/2019,1600
06/04/2019,312
06/03/2019,1500
06/14/2019,1200
06/04/2019,1000
05/22/2019,500
05/24/2019,2316
05/19/2019,836
08/28/2018,723
[all528@hlog-1 final_project]$ hadoop fs -put Crime_Reports.csv /user/all528/final_project
[all528@hlog-1 final_project]$ hadoop fs -rm -r /user/all528/final_project/output
21/11/28 21:31:21 INFO fs.TrashPolicyDefault: Moved: 'hdfs://horton.hpc.nyu.edu:8020/user/all528/final_project/output' to trash at: hdfs://horton.hpc.nyu.edu:8020/user/all528/.Trash/Current/user/all528/final_project/output
[all528@hlog-1 final_project]$ hadoop jar finalProject.jar FinalProject /user/all528/final_project/Crime_Reports.csv /user/all528/final_project/output
WARNING: Use "yarn jar" to launch YARN applications.
21/11/28 21:31:49 INFO client.RMProxy: Connecting to ResourceManager at horton.hpc.nyu.edu/10.32.35.134:8032
21/11/28 21:31:50 WARN mapreduce.JobResourceUploader: Hadoop command-line option parsing not performed. Implement the Tool interface and execute your application with ToolRunner to remedy this.
21/11/28 21:31:50 INFO mapreduce.JobResourceUploader: Disabling Erasure Coding for path: /user/all528/.staging/job_1622566668497_38273
21/11/28 21:31:50 INFO input.FileInputFormat: Total input files to process : 1
21/11/28 21:31:50 INFO mapreduce.JobSubmitter: number of splits:5
21/11/28 21:31:50 INFO Configuration.deprecation: yarn.resourcemanager.system-metrics-publisher.enabled is deprecated. Instead, use yarn.system-metrics-publisher.enabled
21/11/28 21:31:50 INFO mapreduce.JobSubmitter: Submitting tokens for job: job_1622566668497_38273
21/11/28 21:31:50 INFO mapreduce.JobSubmitter: Executing with tokens: []
21/11/28 21:31:50 INFO conf.Configuration: resource-types.xml not found
21/11/28 21:31:50 INFO resource.ResourceUtils: Unable to find 'resource-types.xml'.
21/11/28 21:31:50 INFO impl.YarnClientImpl: Submitted application application_1622566668497_38273
21/11/28 21:31:50 INFO mapreduce.Job: The url to track the job: http://horton.hpc.nyu.edu:8088/proxy/application_1622566668497_38273/
21/11/28 21:31:50 INFO mapreduce.Job: Running job: job_1622566668497_38273
21/11/28 21:31:55 INFO mapreduce.Job: Job job_1622566668497_38273 running in uber mode : false
21/11/28 21:31:55 INFO mapreduce.Job:  map 0% reduce 0%
21/11/28 21:32:00 INFO mapreduce.Job:  map 100% reduce 0%
21/11/28 21:32:01 INFO mapreduce.Job: Job job_1622566668497_38273 completed successfully
21/11/28 21:32:01 INFO mapreduce.Job: Counters: 34
	File System Counters
		FILE: Number of bytes read=0
		FILE: Number of bytes written=1103975
		FILE: Number of read operations=0
		FILE: Number of large read operations=0
		FILE: Number of write operations=0
		HDFS: Number of bytes read=625086579
		HDFS: Number of bytes written=37090974
		HDFS: Number of read operations=35
		HDFS: Number of large read operations=0
		HDFS: Number of write operations=10
		HDFS: Number of bytes read erasure-coded=0
	Job Counters 
		Launched map tasks=5
		Data-local map tasks=1
		Rack-local map tasks=4
		Total time spent by all maps in occupied slots (ms)=63520
		Total time spent by all reduces in occupied slots (ms)=0
		Total time spent by all map tasks (ms)=15880
		Total vcore-milliseconds taken by all map tasks=15880
		Total megabyte-milliseconds taken by all map tasks=65044480
	Map-Reduce Framework
		Map input records=2375786
		Map output records=2375786
		Input split bytes=695
		Spilled Records=0
		Failed Shuffles=0
		Merged Map outputs=0
		GC time elapsed (ms)=353
		CPU time spent (ms)=16320
		Physical memory (bytes) snapshot=2892431360
		Virtual memory (bytes) snapshot=18552168448
		Total committed heap usage (bytes)=5844238336
		Peak Map Physical memory (bytes)=583294976
		Peak Map Virtual memory (bytes)=3711754240
	File Input Format Counters 
		Bytes Read=625085884
	File Output Format Counters 
		Bytes Written=37090974
[all528@hlog-1 final_project]$ hadoop fs -ls /user/all528/final_project/output
Found 6 items
-rw-rw----+  3 all528 all528          0 2021-11-28 21:31 /user/all528/final_project/output/_SUCCESS
-rw-rw----+  3 all528 all528    8057967 2021-11-28 21:31 /user/all528/final_project/output/part-m-00000
-rw-rw----+  3 all528 all528    8009551 2021-11-28 21:31 /user/all528/final_project/output/part-m-00001
-rw-rw----+  3 all528 all528    7959590 2021-11-28 21:31 /user/all528/final_project/output/part-m-00002
-rw-rw----+  3 all528 all528    7911128 2021-11-28 21:31 /user/all528/final_project/output/part-m-00003
-rw-rw----+  3 all528 all528    5152738 2021-11-28 21:31 /user/all528/final_project/output/part-m-00004
[all528@hlog-1 final_project]$ hadoop fs -rm /user/all528/final_project/output/_SUCCESS
21/11/28 22:49:57 INFO fs.TrashPolicyDefault: Moved: 'hdfs://horton.hpc.nyu.edu:8020/user/all528/final_project/output/_SUCCESS' to trash at: hdfs://horton.hpc.nyu.edu:8020/user/all528/.Trash/Current/user/all528/final_project/output/_SUCCESS
[all528@hlog-1 final_project]$ hadoop fs -ls /user/all528/final_project/output
Found 5 items
-rw-rw----+  3 all528 all528    8057967 2021-11-28 21:31 /user/all528/final_project/output/part-m-00000
-rw-rw----+  3 all528 all528    8009551 2021-11-28 21:31 /user/all528/final_project/output/part-m-00001
-rw-rw----+  3 all528 all528    7959590 2021-11-28 21:31 /user/all528/final_project/output/part-m-00002
-rw-rw----+  3 all528 all528    7911128 2021-11-28 21:31 /user/all528/final_project/output/part-m-00003
-rw-rw----+  3 all528 all528    5152738 2021-11-28 21:31 /user/all528/final_project/output/part-m-00004